Read	.init.scripts.runlevel_list ["0", "1", "2", "3", "5", "6", "S"]
Read	.init.scripts.current_runlevel "5"
Read	.init.scripts.default_runlevel "5"
Read	.init.insserv_conf $["$local_fs":["boot"], "$named":["named"], "$netdaemons":["portmap", "inetd"], "$network":["network", "pcmcia", "hotplug"], "$remote_fs":["$local_fs", "nfs"], "$syslog":["syslog"]]
Read	.init.scripts.runlevels $["aaa":$["start":["0", "1", "3"], "stop":["4", "5", "6"]], "bbb":$["start":["0", "1", "2"], "stop":["5", "6"]]]
Read	.init.scripts.comments $["aaa":$["defstart":["0", "1", "3"], "defstop":["4", "5", "6"], "provides":[]], "bbb":$["defstart":["0", "1", "2"], "defstop":["5", "6"], "provides":[]]]
Return	true
Dump	$["aaa":$["defstart":["0", "1", "3"], "defstop":["4", "5", "6"], "provides":[], "start":["0", "1", "3"], "stop":["4", "5", "6"]], "bbb":$["defstart":["0", "1", "2"], "defstop":["5", "6"], "provides":[], "start":["0", "1", "2"], "stop":["5", "6"]]]
Read	.init.scripts.runlevel_list ["0", "1", "2", "3", "5", "6", "S"]
Read	.init.scripts.default_runlevel "5"
Read	.init.insserv_conf $["$local_fs":["boot"], "$named":["named"], "$netdaemons":["portmap", "inetd"], "$network":["network", "pcmcia", "hotplug"], "$remote_fs":["$local_fs", "nfs"], "$syslog":["syslog"]]
Read	.init.scripts.runlevels $["aaa":$["start":["0", "1", "3"], "stop":["4", "5", "6"]], "ccc":$["start":["0", "1", "2"], "stop":["5", "6"]]]
Read	.init.scripts.comments $["aaa":$["defstart":["0", "1", "3"], "defstop":["4", "5", "6"], "provides":[]], "bbb":$["defstart":["0", "1", "2"], "defstop":["5", "6"], "provides":[]]]
Return	true
Dump	$["aaa":$["defstart":["0", "1", "3"], "defstop":["4", "5", "6"], "provides":[], "start":["0", "1", "3"], "stop":["4", "5", "6"]], "bbb":$["defstart":["0", "1", "2"], "defstop":["5", "6"], "provides":[], "start":[], "stop":[]]]
