Execute	.target.bash "sed --in-place 's/^\\(l4:4:wait:\\/etc\\/init.d\\/rc 4\\)/#\\1/' /etc/inittab" 0
Read	.init.scripts.current_runlevel "5"
Return	true
Execute	.target.bash "sed --in-place 's/^\\(l4:4:wait:\\/etc\\/init.d\\/rc 4\\)/#\\1/' /etc/inittab" 0
Return	true
Execute	.target.bash "sed --in-place 's/^\\(l4:4:wait:\\/etc\\/init.d\\/rc 4\\)/#\\1/' /etc/inittab" 0
Log	Cannot enable service a (just) in selected runlevels, enabling in all default ones
Execute	.target.bash "/bin/systemctl is-enabled a.service" 0
Log	Cannot enable service b (just) in selected runlevels, enabling in all default ones
Execute	.target.bash "/bin/systemctl is-enabled b.service" 0
Return	true
Execute	.target.bash "sed --in-place 's/^\\(l4:4:wait:\\/etc\\/init.d\\/rc 4\\)/#\\1/' /etc/inittab" 0
Log	Cannot enable service a (just) in selected runlevels, enabling in all default ones
Execute	.target.bash "/bin/systemctl is-enabled a.service" 0
Log	Cannot enable service b (just) in selected runlevels, enabling in all default ones
Execute	.target.bash "/bin/systemctl is-enabled b.service" 0
Return	true
Execute	.target.bash "sed --in-place 's/^\\(l4:4:wait:\\/etc\\/init.d\\/rc 4\\)/#\\1/' /etc/inittab" 0
Log	Cannot enable service a (just) in selected runlevels, enabling in all default ones
Execute	.target.bash "/bin/systemctl is-enabled a.service" 0
Log	Cannot enable service b (just) in selected runlevels, enabling in all default ones
Execute	.target.bash "/bin/systemctl is-enabled b.service" 0
Return	true
Execute	.target.bash "sed --in-place 's/^\\(l4:4:wait:\\/etc\\/init.d\\/rc 4\\)/#\\1/' /etc/inittab" 0
Execute	.target.bash_output "/bin/systemctl --force disable a.service" $["exit":0, "stderr":"", "stdout":""]
Execute	.target.bash_output "/bin/systemctl --force disable b.service" $["exit":0, "stderr":"", "stdout":""]
Return	true
Execute	.target.bash "sed --in-place 's/^\\(l4:4:wait:\\/etc\\/init.d\\/rc 4\\)/#\\1/' /etc/inittab" 0
Return	true
Execute	.target.bash "sed --in-place 's/^\\(l4:4:wait:\\/etc\\/init.d\\/rc 4\\)/#\\1/' /etc/inittab" 0
Log	Cannot enable service nfsserver (just) in selected runlevels, enabling in all default ones
Execute	.target.bash "/bin/systemctl is-enabled nfsserver.service" 0
Return	true
